16:44:12 **** Incremental Build of configuration Debug for project ssd_counter ****
make all 
make --no-print-directory pre-build
a9-linaro-pre-build-step
 
make --no-print-directory main-build
Building file: ../src/main.c
Invoking: ARM v7 gcc compiler
arm-none-eabi-gcc -Wall -O0 -g3 -c -fmessage-length=0 -MT"src/main.o" -mcpu=cortex-a9 -mfpu=vfpv3 -mfloat-abi=hard -I/home/overlord/ece520/assignments/sp22-e520-lab-finalproject-KLVA1217/software/design_1_wrapper/export/design_1_wrapper/sw/design_1_wrapper/standalone_ps7_cortexa9_0/bspinclude/include -MMD -MP -MF"src/main.d" -MT"src/main.o" -o "src/main.o" "../src/main.c"
In file included from ../src/main.c:2:
/home/overlord/ece520/assignments/sp22-e520-lab-finalproject-KLVA1217/software/design_1_wrapper/export/design_1_wrapper/sw/design_1_wrapper/standalone_ps7_cortexa9_0/bspinclude/include/xbasic_types.h:102:2: warning: #warning The xbasics_type.h file is deprecated and users should use xil_types.h and xil_assert. [-Wcpp]
  102 | #warning  The xbasics_type.h file is deprecated and users should use xil_types.h and xil_assert.
      |  ^~~~~~~
/home/overlord/ece520/assignments/sp22-e520-lab-finalproject-KLVA1217/software/design_1_wrapper/export/design_1_wrapper/sw/design_1_wrapper/standalone_ps7_cortexa9_0/bspinclude/include/xbasic_types.h:103:2: warning: #warning Please refer the Standalone BSP UG647 for further details [-Wcpp]
  103 | #warning  Please refer the Standalone BSP UG647 for further details
      |  ^~~~~~~
Finished building: ../src/main.c
 
Building target: ssd_counter.elf
Invoking: ARM v7 gcc linker
arm-none-eabi-gcc -mcpu=cortex-a9 -mfpu=vfpv3 -mfloat-abi=hard -Wl,-build-id=none -specs=Xilinx.spec -Wl,-T -Wl,../src/lscript.ld -L/home/overlord/ece520/assignments/sp22-e520-lab-finalproject-KLVA1217/software/design_1_wrapper/export/design_1_wrapper/sw/design_1_wrapper/standalone_ps7_cortexa9_0/bsplib/lib -o "ssd_counter.elf"  ./src/main.o   -Wl,--start-group,-lxil,-lgcc,-lc,--end-group
Finished building target: ssd_counter.elf
 
Invoking: ARM v7 Print Size
arm-none-eabi-size ssd_counter.elf  |tee "ssd_counter.elf.size"
   text	   data	    bss	    dec	    hex	filename
  21114	   1168	  22616	  44898	   af62	ssd_counter.elf
Finished building: ssd_counter.elf.size
 

16:44:15 Build Finished (took 3s.635ms)

